function greet(name){return"Hello, "+name+"!";}
const person="Alice";console.log(greet(person));
